!***************  DLTK CONTRIBUTION  ******************************************************** 

feature@org.eclipse.dltk.core=v20080114_wave,:pserver:anonymous@dev.eclipse.org:/cvsroot/technology,,org.eclipse.dltk/core/features/org.eclipse.dltk.core-feature
feature@org.eclipse.dltk.core.sdk=v20080206-1711,:pserver:anonymous@dev.eclipse.org:/cvsroot/technology,,org.eclipse.dltk/core/features/org.eclipse.dltk.core.sdk

plugin@org.eclipse.dltk=v20080114_wave,:pserver:anonymous@dev.eclipse.org:/cvsroot/technology,,org.eclipse.dltk/core/plugins/org.eclipse.dltk
plugin@org.eclipse.dltk.core=v20080312-1506,:pserver:anonymous@dev.eclipse.org:/cvsroot/technology,,org.eclipse.dltk/core/plugins/org.eclipse.dltk.core
plugin@org.eclipse.dltk.console=v20080219-1800,:pserver:anonymous@dev.eclipse.org:/cvsroot/technology,,org.eclipse.dltk/core/plugins/org.eclipse.dltk.console
plugin@org.eclipse.dltk.launching=v20080312-1647,:pserver:anonymous@dev.eclipse.org:/cvsroot/technology,,org.eclipse.dltk/core/plugins/org.eclipse.dltk.launching
plugin@org.eclipse.dltk.debug=v20080312-1506,:pserver:anonymous@dev.eclipse.org:/cvsroot/technology,,org.eclipse.dltk/core/plugins/org.eclipse.dltk.debug

plugin@org.eclipse.dltk.validators.core=v20080218-1913,:pserver:anonymous@dev.eclipse.org:/cvsroot/technology,,org.eclipse.dltk/core/plugins/org.eclipse.dltk.validators.core
plugin@org.eclipse.dltk.validators.ui=v20080312-1506,:pserver:anonymous@dev.eclipse.org:/cvsroot/technology,,org.eclipse.dltk/core/plugins/org.eclipse.dltk.validators.ui

plugin@org.eclipse.dltk.console.ui=v20080219-1800,:pserver:anonymous@dev.eclipse.org:/cvsroot/technology,,org.eclipse.dltk/core/plugins/org.eclipse.dltk.console.ui
plugin@org.eclipse.dltk.ui=v20080312-1506,:pserver:anonymous@dev.eclipse.org:/cvsroot/technology,,org.eclipse.dltk/core/plugins/org.eclipse.dltk.ui
plugin@org.eclipse.dltk.debug.ui=v20080312-1506,:pserver:anonymous@dev.eclipse.org:/cvsroot/technology,,org.eclipse.dltk/core/plugins/org.eclipse.dltk.debug.ui

plugin@org.eclipse.dltk.testing=v20080312-1506,:pserver:anonymous@dev.eclipse.org:/cvsroot/technology,,org.eclipse.dltk/core/plugins/org.eclipse.dltk.testing