
! Tcl Development Tools (DLTK)
!
! $Id: tcl.map,v 1.1.2.6 2008/02/27 08:22:06 asobolev Exp $ 

feature@org.eclipse.dltk.tcl=v20080226-1047,:pserver:anonymous@dev.eclipse.org:/cvsroot/technology,,org.eclipse.dltk/tcl/features/org.eclipse.dltk.tcl-feature
feature@org.eclipse.dltk.tcl.sdk=v20080226-1047,:pserver:anonymous@dev.eclipse.org:/cvsroot/technology,,org.eclipse.dltk/tcl/features/org.eclipse.dltk.tcl.sdk

plugin@org.eclipse.dltk.tcl=r09_v20070920,:pserver:anonymous@dev.eclipse.org:/cvsroot/technology,,org.eclipse.dltk/tcl/plugins/org.eclipse.dltk.tcl
plugin@org.eclipse.dltk.tcl.core=r09_v20070920,:pserver:anonymous@dev.eclipse.org:/cvsroot/technology,,org.eclipse.dltk/tcl/plugins/org.eclipse.dltk.tcl.core
plugin@org.eclipse.dltk.tcl.launching=v20070619,:pserver:anonymous@dev.eclipse.org:/cvsroot/technology,,org.eclipse.dltk/tcl/plugins/org.eclipse.dltk.tcl.launching
plugin@org.eclipse.dltk.tcl.ui=v20080226-1047,:pserver:anonymous@dev.eclipse.org:/cvsroot/technology,,org.eclipse.dltk/tcl/plugins/org.eclipse.dltk.tcl.ui

plugin@org.eclipse.dltk.tcl.debug=v20070620,:pserver:anonymous@dev.eclipse.org:/cvsroot/technology,,org.eclipse.dltk/tcl/plugins/org.eclipse.dltk.tcl.debug
plugin@org.eclipse.dltk.tcl.debug.ui=v20070619,:pserver:anonymous@dev.eclipse.org:/cvsroot/technology,,org.eclipse.dltk/tcl/plugins/org.eclipse.dltk.tcl.debug.ui

plugin@org.eclipse.dltk.tcl.tclchecker=v20070619,:pserver:anonymous@dev.eclipse.org:/cvsroot/technology,,org.eclipse.dltk/tcl/plugins/org.eclipse.dltk.tcl.tclchecker