
! Tcl Development Tools (DLTK)
!
! $Id: tcl.map,v 1.25.2.58 2008/03/28 13:23:39 asobolev Exp $ 

feature@org.eclipse.dltk.tcl=v20080313-1905,:pserver:anonymous@dev.eclipse.org:/cvsroot/technology,,org.eclipse.dltk/tcl/features/org.eclipse.dltk.tcl-feature
feature@org.eclipse.dltk.tcl.sdk=v20080313-1905,:pserver:anonymous@dev.eclipse.org:/cvsroot/technology,,org.eclipse.dltk/tcl/features/org.eclipse.dltk.tcl.sdk

plugin@org.eclipse.dltk.tcl=v20080114_wave,:pserver:anonymous@dev.eclipse.org:/cvsroot/technology,,org.eclipse.dltk/tcl/plugins/org.eclipse.dltk.tcl
plugin@org.eclipse.dltk.tcl.core=v20080328-1922,:pserver:anonymous@dev.eclipse.org:/cvsroot/technology,,org.eclipse.dltk/tcl/plugins/org.eclipse.dltk.tcl.core
plugin@org.eclipse.dltk.tcl.launching=v20080313-1905,:pserver:anonymous@dev.eclipse.org:/cvsroot/technology,,org.eclipse.dltk/tcl/plugins/org.eclipse.dltk.tcl.launching
plugin@org.eclipse.dltk.tcl.ui=v20080328-1922,:pserver:anonymous@dev.eclipse.org:/cvsroot/technology,,org.eclipse.dltk/tcl/plugins/org.eclipse.dltk.tcl.ui

plugin@org.eclipse.dltk.tcl.debug=v20080312-1506,:pserver:anonymous@dev.eclipse.org:/cvsroot/technology,,org.eclipse.dltk/tcl/plugins/org.eclipse.dltk.tcl.debug
plugin@org.eclipse.dltk.tcl.debug.ui=v20080328-1922,:pserver:anonymous@dev.eclipse.org:/cvsroot/technology,,org.eclipse.dltk/tcl/plugins/org.eclipse.dltk.tcl.debug.ui

plugin@org.eclipse.dltk.tcl.tclchecker=v20080312-1506,:pserver:anonymous@dev.eclipse.org:/cvsroot/technology,,org.eclipse.dltk/tcl/plugins/org.eclipse.dltk.tcl.tclchecker

plugin@org.eclipse.dltk.tcl.activestatedebugger=v20080313-1905,:pserver:anonymous@dev.eclipse.org:/cvsroot/technology,,org.eclipse.dltk/tcl/plugins/org.eclipse.dltk.tcl.activestatedebugger

plugin@org.eclipse.dltk.tcl.testing=v20080312-1506,:pserver:anonymous@dev.eclipse.org:/cvsroot/technology,,org.eclipse.dltk/tcl/plugins/org.eclipse.dltk.tcl.testing
plugin@org.eclipse.dltk.tcl.testing.tcltest=v20080114_wave,:pserver:anonymous@dev.eclipse.org:/cvsroot/technology,,org.eclipse.dltk/tcl/plugins/org.eclipse.dltk.tcl.testing.tcltest

plugin@org.eclipse.dltk.tcl.doc.user=v20080114_wave,:pserver:anonymous@dev.eclipse.org:/cvsroot/technology,,org.eclipse.dltk/tcl/docs/org.eclipse.dltk.tcl.doc.user

! Temporary Cisco stuff
!plugin@com.cisco.tcl.scriptchecker=v20071019,:ext:kurtov@us.xored.com:/opt/cisco/,
!plugin@com.cisco.testing.aetest=v20071019b,:ext:kurtov@us.xored.com:/opt/cisco/,