
! Tcl Development Tools (DLTK)
!
! $Id: tcl.map,v 1.111.2.14 2009/01/08 09:26:54 apanchenk Exp $ 

feature@org.eclipse.dltk.tcl=v20080626-2043,:pserver:anonymous@dev.eclipse.org:/cvsroot/technology,,org.eclipse.dltk/tcl/features/org.eclipse.dltk.tcl-feature
feature@org.eclipse.dltk.tcl.sdk=v20080903-1434,:pserver:anonymous@dev.eclipse.org:/cvsroot/technology,,org.eclipse.dltk/tcl/features/org.eclipse.dltk.tcl.sdk

plugin@org.eclipse.dltk.tcl=v20080526-1423,:pserver:anonymous@dev.eclipse.org:/cvsroot/technology,,org.eclipse.dltk/tcl/plugins/org.eclipse.dltk.tcl
plugin@org.eclipse.dltk.tcl.core=v20080920-R0951,:pserver:anonymous@dev.eclipse.org:/cvsroot/technology,,org.eclipse.dltk/tcl/plugins/org.eclipse.dltk.tcl.core
plugin@org.eclipse.dltk.tcl.launching=v20080903-1434,:pserver:anonymous@dev.eclipse.org:/cvsroot/technology,,org.eclipse.dltk/tcl/plugins/org.eclipse.dltk.tcl.launching
plugin@org.eclipse.dltk.tcl.ui=R0_95_v20090108,:pserver:anonymous@dev.eclipse.org:/cvsroot/technology,,org.eclipse.dltk/tcl/plugins/org.eclipse.dltk.tcl.ui

plugin@org.eclipse.dltk.tcl.debug=v20080526-1423,:pserver:anonymous@dev.eclipse.org:/cvsroot/technology,,org.eclipse.dltk/tcl/plugins/org.eclipse.dltk.tcl.debug
plugin@org.eclipse.dltk.tcl.debug.ui=v20080626-2043,:pserver:anonymous@dev.eclipse.org:/cvsroot/technology,,org.eclipse.dltk/tcl/plugins/org.eclipse.dltk.tcl.debug.ui

plugin@org.eclipse.dltk.tcl.tclchecker=v20080903-1434,:pserver:anonymous@dev.eclipse.org:/cvsroot/technology,,org.eclipse.dltk/tcl/plugins/org.eclipse.dltk.tcl.tclchecker

plugin@org.eclipse.dltk.tcl.activestatedebugger=v20080903-1434,:pserver:anonymous@dev.eclipse.org:/cvsroot/technology,,org.eclipse.dltk/tcl/plugins/org.eclipse.dltk.tcl.activestatedebugger

plugin@org.eclipse.dltk.tcl.testing=v20080903-1434,:pserver:anonymous@dev.eclipse.org:/cvsroot/technology,,org.eclipse.dltk/tcl/plugins/org.eclipse.dltk.tcl.testing
plugin@org.eclipse.dltk.tcl.testing.tcltest=v20080903-1434,:pserver:anonymous@dev.eclipse.org:/cvsroot/technology,,org.eclipse.dltk/tcl/plugins/org.eclipse.dltk.tcl.testing.tcltest

plugin@org.eclipse.dltk.tcl.doc.user=v20080609-1540,:pserver:anonymous@dev.eclipse.org:/cvsroot/technology,,org.eclipse.dltk/tcl/docs/org.eclipse.dltk.tcl.doc.user