!***************  DLTK CONTRIBUTION  ******************************************************** 
! $Id: core.map,v 1.42.2.5 2007/08/01 10:17:57 asobolev Exp $

feature@org.eclipse.dltk.core=r09_v20070801,:pserver:anonymous@dev.eclipse.org:/cvsroot/technology,,org.eclipse.dltk/core/features/org.eclipse.dltk.core-feature
feature@org.eclipse.dltk.core.sdk=r09_v20070801,:pserver:anonymous@dev.eclipse.org:/cvsroot/technology,,org.eclipse.dltk/core/features/org.eclipse.dltk.core.sdk

plugin@org.eclipse.dltk=r09_v20070801,:pserver:anonymous@dev.eclipse.org:/cvsroot/technology,,org.eclipse.dltk/core/plugins/org.eclipse.dltk
plugin@org.eclipse.dltk.core=r09_v20070801,:pserver:anonymous@dev.eclipse.org:/cvsroot/technology,,org.eclipse.dltk/core/plugins/org.eclipse.dltk.core
plugin@org.eclipse.dltk.console=r09_v20070801,:pserver:anonymous@dev.eclipse.org:/cvsroot/technology,,org.eclipse.dltk/core/plugins/org.eclipse.dltk.console
plugin@org.eclipse.dltk.launching=r09_v20070801,:pserver:anonymous@dev.eclipse.org:/cvsroot/technology,,org.eclipse.dltk/core/plugins/org.eclipse.dltk.launching
plugin@org.eclipse.dltk.debug=r09_v20070801,:pserver:anonymous@dev.eclipse.org:/cvsroot/technology,,org.eclipse.dltk/core/plugins/org.eclipse.dltk.debug

plugin@org.eclipse.dltk.validators.core=r09_v20070801,:pserver:anonymous@dev.eclipse.org:/cvsroot/technology,,org.eclipse.dltk/core/plugins/org.eclipse.dltk.validators.core
plugin@org.eclipse.dltk.validators.ui=r09_v20070801,:pserver:anonymous@dev.eclipse.org:/cvsroot/technology,,org.eclipse.dltk/core/plugins/org.eclipse.dltk.validators.ui

plugin@org.eclipse.dltk.console.ui=r09_v20070801,:pserver:anonymous@dev.eclipse.org:/cvsroot/technology,,org.eclipse.dltk/core/plugins/org.eclipse.dltk.console.ui
plugin@org.eclipse.dltk.ui=r09_v20070801,:pserver:anonymous@dev.eclipse.org:/cvsroot/technology,,org.eclipse.dltk/core/plugins/org.eclipse.dltk.ui
plugin@org.eclipse.dltk.debug.ui=r09_v20070801,:pserver:anonymous@dev.eclipse.org:/cvsroot/technology,,org.eclipse.dltk/core/plugins/org.eclipse.dltk.debug.ui